[www.hexadivinosdelivery.site/index.html]
[cdn.utmify.com.br/scripts/utms/latest.js]
[cdn.utmify.com.br/scripts/pixel/pixel-google.js]
[size-charts-relentless.herokuapp.com/css/size-charts-relentless.css]
[backblue.gif]
[fade.gif]
[index.html]
[www.hexadivinosdelivery.site/cdn/shop/t/2/assets/theme.mine6a9.css]
[www.hexadivinosdelivery.site/cdn/shop/t/2/assets/vendor5b3f.js]
[www.hexadivinosdelivery.site/cdn/shop/t/2/assets/theme.min18ae.js]
[www.hexadivinosdelivery.site/cdn/fonts/archivo/archivo_n6.06ce7cb3e84f9557d04c35761e39e39ea101fb19.woff2]
[www.hexadivinosdelivery.site/cdn/fonts/archivo/archivo_n6.5dd16bc207dfc6d25ca8472d89387d828f610453.woff]
[www.hexadivinosdelivery.site/cdn/fonts/archivo/archivo_i6.0bb24d252a74d8be5c11aebd8e0623d0e78d962e.woff2]
[www.hexadivinosdelivery.site/cdn/fonts/archivo/archivo_i6.fbf64fc840abbe90ebdedde597401d7b3b9f31ef.woff]
[www.hexadivinosdelivery.site/cdn/shop/t/2/assets/zoom-cursoreb51.svg]
[www.hexadivinosdelivery.site/cdn/shop/t/2/assets/arrow-right7085.svg]
[www.hexadivinosdelivery.site/cdn/shop/t/2/assets/arrow-left516f.svg]
[cdnjs.cloudflare.com/ajax/libs/font-awesome/6.0.0-beta3/css/all.min.css]
[www.hexadivinosdelivery.site/cdn/shop/t/2/assets/custom6792.js]
[www.hexadivinosdelivery.site/checkouts/internal/preloads4c33.js]
[www.hexadivinosdelivery.site/cdn/shopifycloud/shop-js/modules/v2/loader.init-shop-cart-sync.pt-BR.esm.js]
[cdn.shopify.com/shopifycloud/storefront-forms-hcaptcha/ce_storefront_forms_captcha_hcaptcha.v1.5.2.iife.js]
[www.hexadivinosdelivery.site/cdn/shopifycloud/storefront/assets/storefront/load_feature-1bd60354.js]
[www.hexadivinosdelivery.site/cdn/shopifycloud/storefront/assets/storefront/autosizes-84416378.js]
[cdn.shopify.com/shopifycloud/storefront/assets/storefront/origin_trials-5059b83f.js]
[www.hexadivinosdelivery.site/cdn/shopifycloud/portable-wallets/latest/portable-wallets.pt-br.js]
[www.hexadivinosdelivery.site/cdn/shopifycloud/portable-wallets/latest/accelerated-checkout-backwards-compat.css]
[www.hexadivinosdelivery.site/POST.26.delayed]
[www.hexadivinosdelivery.site/cdn]
[www.hexadivinosdelivery.site/cdn/s/trekkie.storefront.370ef8ffef154dc56bb5a814fea4666724353464.min.js]
[www.hexadivinosdelivery.site/cdn/shopifycloud/storefront/assets/shop_events_listener-4e26a9ce.js]
[www.hexadivinosdelivery.site/cdn/shopifycloud/perf-kit/shopify-perf-kit-3.6.1.min.js]
[code.jquery.com/jquery-3.6.0.min.js]
[www.hexadivinosdelivery.site/collections/all.html]
[www.hexadivinosdelivery.site/pages/contact.html]
[www.hexadivinosdelivery.site/search.html]
[www.hexadivinosdelivery.site/cdn/shop/files/ChatGPT_Image_28_de_mai._de_2026_22_46_34_2bb29456-70ac-418b-aaeb-8ae5a303ba60_280xa850.png]
[www.hexadivinosdelivery.site/cart.html]
[www.hexadivinosdelivery.site/cdn/shop/files/banner_principal_lanche_f6dc7e4e-5509-4c65-9586-d6106485705bd8f8.png]
[www.hexadivinosdelivery.site/collections/lanches-todos.html]
[www.hexadivinosdelivery.site/cdn/shop/files/colecao_lanche_1_400xa277.png]
[www.hexadivinosdelivery.site/collections/bebidas.html]
[www.hexadivinosdelivery.site/cdn/shop/files/colecao_bebidas_400xeb26.png]
[www.hexadivinosdelivery.site/collections/sobremesas.html]
[www.hexadivinosdelivery.site/cdn/shop/files/colecao_sobremesa_1_400x09cc.png]
[www.hexadivinosdelivery.site/products/combo-familia-5-lanches-5x-coca-cola-5x-fritas.html]
[www.hexadivinosdelivery.site/cdn/shop/files/ChatGPTImage28demai.de2026_22_57_02_1200x9de0.png]
[www.hexadivinosdelivery.site/products/2x-combo-crispy-bacon-em-dobro-2x-coca-cola-2x-fritas.html]
[www.hexadivinosdelivery.site/cdn/shop/files/ChatGPTImage28demai.de2026_22_48_11_1200xfd26.png]
[www.hexadivinosdelivery.site/products/combo-trio-smash-3x-classic-smash-burguer-500g-fritas-coca-cola-2l.html]
[www.hexadivinosdelivery.site/cdn/shop/files/ChatGPTImage28demai.de2026_23_09_35_1200x9545.png]
[www.hexadivinosdelivery.site/products/2x-classic-salada-em-dobro-2-coca-cola-fritas.html]
[www.hexadivinosdelivery.site/cdn/shop/files/ChatGPTImage28demai.de2026_23_13_28_1200x8b5a.png]
[www.hexadivinosdelivery.site/products/rodizio-em-casa-6x-hamburgueres-500g-de-fritas-500g-nuggets-2x-coca-cola-2l-4-molhos-especiais.html]
[www.hexadivinosdelivery.site/cdn/shop/files/ChatGPTImage28demai.de2026_23_06_06_1200x1bc2.png]
[www.hexadivinosdelivery.site/products/rodizio-em-casa-6x-hamburgueres-500g-de-fritas-500g-nuggets-2x-coca-cola-2l-4-molhos-especiais-1.html]
[www.hexadivinosdelivery.site/cdn/shop/files/ChatGPTImage28demai.de2026_23_08_15_1200x5398.png]
[www.hexadivinosdelivery.site/cdn/shop/files/ChatGPT_Image_28_de_mai._de_2026_23_20_00ef11.png]
[www.hexadivinosdelivery.site/products/combo-solteiro-1x-classic-chicken-cheese-coca-cola-500g-fritas-500g-de-frango-frito.html]
[www.hexadivinosdelivery.site/cdn/shop/files/ChatGPTImage28demai.de2026_23_15_17_1200x11c6.png]
[www.hexadivinosdelivery.site/products/combo-classic-cheddar-1-coca-cola-fritas.html]
[www.hexadivinosdelivery.site/cdn/shop/files/ChatGPTImage28demai.de2026_23_11_11_1200x32a8.png]
[www.hexadivinosdelivery.site/products/combo-classic-onion-rings-coca-cola-fritas.html]
[www.hexadivinosdelivery.site/cdn/shop/files/ChatGPTImage28demai.de2026_23_05_04_1200x4de3.png]
[www.hexadivinosdelivery.site/products/1x-classic-salada-coca-cola-fritas.html]
[www.hexadivinosdelivery.site/cdn/shop/files/ChatGPTImage28demai.de2026_23_13_28_c93e3b7f-8304-4a97-8089-ac1655a389b3_1200x4629.png]
[www.hexadivinosdelivery.site/products/combo-costela-classic-coca-cola-fritas.html]
[www.hexadivinosdelivery.site/cdn/shop/files/ChatGPTImage28demai.de2026_23_01_22_1200x9ef8.png]
[www.hexadivinosdelivery.site/products/combo-classic-chicken-coca-cola-fritas.html]
[www.hexadivinosdelivery.site/cdn/shop/files/ChatGPTImage28demai.de2026_23_00_02_1200x0e02.png]
[www.hexadivinosdelivery.site/products/classic-smash-burguer-coca-cola-fritas.html]
[www.hexadivinosdelivery.site/cdn/shop/files/ChatGPTImage28demai.de2026_23_07_04_1193x913e.png]
[www.hexadivinosdelivery.site/products/acai-completo-300ml.html]
[www.hexadivinosdelivery.site/cdn/shop/files/79b96d1c296265683e3c3f3834cc1527-removebg-preview_500x0abc.png]
[www.hexadivinosdelivery.site/products/brownie-de-chocolate.html]
[www.hexadivinosdelivery.site/cdn/shop/files/pngtree-delicious-fudgy-brownie-slice-png-image_14307145_360x28b4.png]
[www.hexadivinosdelivery.site/products/mini-churros-doce-de-leite-3-unidades.html]
[www.hexadivinosdelivery.site/cdn/shop/files/Group_1706_300x5b14.png]
[www.hexadivinosdelivery.site/cdn/shop/files/ChatGPT_Image_28_de_mai._de_2026_23_21_294948.png]
[www.hexadivinosdelivery.site/products/coca-cola-sem-acucar-350ml.html]
[www.hexadivinosdelivery.site/cdn/shop/files/coca-zero-zxvpqvGl_300x1f43.jpg]
[www.hexadivinosdelivery.site/products/agua-mineral-500ml.html]
[www.hexadivinosdelivery.site/cdn/shop/files/agua-mineral-Cg6Y9tkG_300xbe6d.jpg]
[www.hexadivinosdelivery.site/products/heineken-lata-350ml.html]
[www.hexadivinosdelivery.site/cdn/shop/files/download_160xf16e.jpg]
[www.hexadivinosdelivery.site/products/suco-natural-de-maracuja-400ml.html]
[www.hexadivinosdelivery.site/cdn/shop/files/images_225x85d2.jpg]
[www.hexadivinosdelivery.site/products/coca-cola-original-2-litros.html]
[www.hexadivinosdelivery.site/cdn/shop/files/coca-2l-tVVBD8F8_300x7264.jpg]
[www.hexadivinosdelivery.site/products/guarana-antarctica-350ml.html]
[www.hexadivinosdelivery.site/cdn/shop/files/guarana-lata-Bt2qG9Kf_300x3d1b.jpg]
[www.hexadivinosdelivery.site/products/suco-natural-de-laranja-400ml.html]
[www.hexadivinosdelivery.site/cdn/shop/files/download_246x3839.jpg]
[www.hexadivinosdelivery.site/products/coca-cola-original-350ml.html]
[www.hexadivinosdelivery.site/cdn/shop/files/coca-cola-CLxVEwGb_512x2956.jpg]
[www.hexadivinosdelivery.site/products/suco-natural-de-morango-400-ml.html]
[www.hexadivinosdelivery.site/cdn/shop/files/xc0hcwkxcgl94zvjxxiq7g58kvfx_400x628c.png]
[www.hexadivinosdelivery.site/products/budweiser-lata-350ml.html]
[www.hexadivinosdelivery.site/cdn/shop/files/budweiser-lata-uI1BBVa5_300x8783.jpg]
[www.hexadivinosdelivery.site/products/suco-natural-de-abacaxi-400ml.html]
[www.hexadivinosdelivery.site/cdn/shop/files/458634158_1922085694964184_7340403931686095779_n_700x09df.jpg]
[www.hexadivinosdelivery.site/products/coca-cola-sem-acucar-2-litros.html]
[www.hexadivinosdelivery.site/cdn/shop/files/coca-2l-zero-BKrPPENe_300x8483.jpg]
[www.hexadivinosdelivery.site/products/fanta-laranja-350ml.html]
[www.hexadivinosdelivery.site/cdn/shop/files/fanta-lata-YtswgwWr_300x3a3f.jpg]
[www.hexadivinosdelivery.site/cdn/shop/files/Coca-Cola_logo_svg_400xe91c.png]
[www.hexadivinosdelivery.site/cdn/shop/files/catupiry-logo_400x8639.png]
[www.hexadivinosdelivery.site/cdn/shop/files/Nutella-Logo_400xf2b5.png]
[unpkg.com/ionicons@5.5.2/dist/ionicons/ionicons.esm.js]
[unpkg.com/ionicons@5.5.2/dist/ionicons/ionicons.js]
[www.hexadivinosdelivery.site/cart/clear177b.js]
[www.hexadivinosdelivery.site/GET]
[www.hexadivinosdelivery.site/cart/indexd176.html]
[www.hexadivinosdelivery.site/url]
[www.hexadivinosdelivery.site/window.location.href]
[www.hexadivinosdelivery.site/index.html]
[cdn.shopify.com/storefront/standard-actions.js]
[size-charts-relentless.herokuapp.com/img/ruler1.png]
[size-charts-relentless.herokuapp.com/img/ruler2.png]
[size-charts-relentless.herokuapp.com/img/ruler3.png]
[size-charts-relentless.herokuapp.com/img/ruler4.png]
[size-charts-relentless.herokuapp.com/img/protractor.png]
[size-charts-relentless.herokuapp.com/img/arrows1.png]
[size-charts-relentless.herokuapp.com/img/arrows2.png]
[size-charts-relentless.herokuapp.com/css/size-charts-relentless.css]
[www.hexadivinosdelivery.site/cdn/shop/t/2/assets/theme.mine6a9.css]
[www.hexadivinosdelivery.site/cdn/shop/t/2/assets/zoom-cursoreb51.svg]
[www.hexadivinosdelivery.site/cdn/shop/t/2/assets/arrow-right7085.svg]
[www.hexadivinosdelivery.site/cdn/shop/t/2/assets/arrow-left516f.svg]
[cdnjs.cloudflare.com/ajax/libs/font-awesome/6.0.0-beta3/css/all.min.css]
[www.hexadivinosdelivery.site/cdn/shopifycloud/portable-wallets/latest/accelerated-checkout-backwards-compat.css]
[www.hexadivinosdelivery.site/POST.html]
[www.hexadivinosdelivery.site/cdn.html]
[www.hexadivinosdelivery.site/collections/all.atom]
[www.hexadivinosdelivery.site/collections/POST.af.delayed]
[www.hexadivinosdelivery.site/collections/GET]
[www.hexadivinosdelivery.site/collections/url]
[www.hexadivinosdelivery.site/collections/all.html]
[www.hexadivinosdelivery.site/pages/POST]
[www.hexadivinosdelivery.site/pages/GET]
[www.hexadivinosdelivery.site/pages/url]
[www.hexadivinosdelivery.site/pages/contact.html]
[www.hexadivinosdelivery.site/search.html]
[www.hexadivinosdelivery.site/cdn/shop/files/banner_principal_lanche_com_logo94c7.png]
[www.hexadivinosdelivery.site/cart.html]
[www.hexadivinosdelivery.site/collections/lanches-todos.atom]
[www.hexadivinosdelivery.site/collections/lanches-todos.html]
[www.hexadivinosdelivery.site/collections/bebidas.atom]
[www.hexadivinosdelivery.site/collections/bebidas.html]
[www.hexadivinosdelivery.site/collections/sobremesas.atom]
[www.hexadivinosdelivery.site/collections/sobremesas.html]
[www.hexadivinosdelivery.site/products/combo-familia-5-lanches-5x-coca-cola-5x-fritas.js]
[www.hexadivinosdelivery.site/products/POST]
[www.hexadivinosdelivery.site/cdn/shop/files/ChatGPTImage28demai.de2026_22_57_02_165x9de0.png]
[www.hexadivinosdelivery.site/cdn/shop/files/ChatGPTImage28demai.de2026_22_57_02_1254x9de0.png]
[ajax.googleapis.com/ajax/libs/jquery/3.5.1/jquery.min.js]
[cdnjs.cloudflare.com/ajax/libs/jquery.mask/1.14.16/jquery.mask.js]
[www.hexadivinosdelivery.site/products/GET]
[www.hexadivinosdelivery.site/json/index.html]
[www.hexadivinosdelivery.site/products/url]
[www.hexadivinosdelivery.site/products/combo-familia-5-lanches-5x-coca-cola-5x-fritas.html]
[www.hexadivinosdelivery.site/products/2x-combo-crispy-bacon-em-dobro-2x-coca-cola-2x-fritas.js]
[www.hexadivinosdelivery.site/cdn/shop/files/ChatGPTImage28demai.de2026_22_48_11_165xfd26.png]
[www.hexadivinosdelivery.site/cdn/shop/files/ChatGPTImage28demai.de2026_22_48_11_1254xfd26.png]
[www.hexadivinosdelivery.site/products/2x-combo-crispy-bacon-em-dobro-2x-coca-cola-2x-fritas.html]
[www.hexadivinosdelivery.site/products/combo-trio-smash-3x-classic-smash-burguer-500g-fritas-coca-cola-2l.js]
[www.hexadivinosdelivery.site/cdn/shop/files/ChatGPTImage28demai.de2026_23_09_35_165x9545.png]
[www.hexadivinosdelivery.site/cdn/shop/files/ChatGPTImage28demai.de2026_23_09_35_1332x9545.png]
[www.hexadivinosdelivery.site/products/combo-trio-smash-3x-classic-smash-burguer-500g-fritas-coca-cola-2l.html]
[www.hexadivinosdelivery.site/products/2x-classic-salada-em-dobro-2-coca-cola-fritas.js]
[www.hexadivinosdelivery.site/cdn/shop/files/ChatGPTImage28demai.de2026_23_13_28_165x8b5a.png]
[www.hexadivinosdelivery.site/cdn/shop/files/ChatGPTImage28demai.de2026_23_13_28_1254x8b5a.png]
[www.hexadivinosdelivery.site/products/2x-classic-salada-em-dobro-2-coca-cola-fritas.html]
[www.hexadivinosdelivery.site/products/rodizio-em-casa-6x-hamburgueres-500g-de-fritas-500g-nuggets-2x-coca-cola-2l-4-molhos-especiais.js]
[www.hexadivinosdelivery.site/cdn/shop/files/ChatGPTImage28demai.de2026_23_06_06_165x1bc2.png]
[www.hexadivinosdelivery.site/cdn/shop/files/ChatGPTImage28demai.de2026_23_06_06_1289x1bc2.png]
[www.hexadivinosdelivery.site/products/rodizio-em-casa-6x-hamburgueres-500g-de-fritas-500g-nuggets-2x-coca-cola-2l-4-molhos-especiais.html]
[www.hexadivinosdelivery.site/products/rodizio-em-casa-6x-hamburgueres-500g-de-fritas-500g-nuggets-2x-coca-cola-2l-4-molhos-especiais-1.js]
[www.hexadivinosdelivery.site/cdn/shop/files/ChatGPTImage28demai.de2026_23_08_15_165x5398.png]
[www.hexadivinosdelivery.site/cdn/shop/files/ChatGPTImage28demai.de2026_23_08_15_1798x5398.png]
[www.hexadivinosdelivery.site/products/rodizio-em-casa-6x-hamburgueres-500g-de-fritas-500g-nuggets-2x-coca-cola-2l-4-molhos-especiais-1.html]
[www.hexadivinosdelivery.site/products/combo-solteiro-1x-classic-chicken-cheese-coca-cola-500g-fritas-500g-de-frango-frito.js]
[www.hexadivinosdelivery.site/cdn/shop/files/ChatGPTImage28demai.de2026_23_15_17_165x11c6.png]
[www.hexadivinosdelivery.site/cdn/shop/files/ChatGPTImage28demai.de2026_23_15_17_1254x11c6.png]
[www.hexadivinosdelivery.site/products/combo-solteiro-1x-classic-chicken-cheese-coca-cola-500g-fritas-500g-de-frango-frito.html]
[www.hexadivinosdelivery.site/products/combo-classic-cheddar-1-coca-cola-fritas.js]
[www.hexadivinosdelivery.site/cdn/shop/files/ChatGPTImage28demai.de2026_23_11_11_165x32a8.png]
[www.hexadivinosdelivery.site/cdn/shop/files/ChatGPTImage28demai.de2026_23_11_11_1351x32a8.png]
[www.hexadivinosdelivery.site/products/combo-classic-cheddar-1-coca-cola-fritas.html]
[www.hexadivinosdelivery.site/products/combo-classic-onion-rings-coca-cola-fritas.js]
[www.hexadivinosdelivery.site/cdn/shop/files/ChatGPTImage28demai.de2026_23_05_04_165x4de3.png]
[www.hexadivinosdelivery.site/cdn/shop/files/ChatGPTImage28demai.de2026_23_05_04_1254x4de3.png]
[www.hexadivinosdelivery.site/products/combo-classic-onion-rings-coca-cola-fritas.html]
[www.hexadivinosdelivery.site/products/1x-classic-salada-coca-cola-fritas.js]
[www.hexadivinosdelivery.site/cdn/shop/files/ChatGPTImage28demai.de2026_23_13_28_c93e3b7f-8304-4a97-8089-ac1655a389b3_165x4629.png]
[www.hexadivinosdelivery.site/cdn/shop/files/ChatGPTImage28demai.de2026_23_13_28_c93e3b7f-8304-4a97-8089-ac1655a389b3_1254x4629.png]
[www.hexadivinosdelivery.site/products/1x-classic-salada-coca-cola-fritas.html]
[www.hexadivinosdelivery.site/products/combo-costela-classic-coca-cola-fritas.js]
[www.hexadivinosdelivery.site/cdn/shop/files/ChatGPTImage28demai.de2026_23_01_22_165x9ef8.png]
[www.hexadivinosdelivery.site/cdn/shop/files/ChatGPTImage28demai.de2026_23_01_22_1254x9ef8.png]
[www.hexadivinosdelivery.site/products/combo-costela-classic-coca-cola-fritas.html]
[www.hexadivinosdelivery.site/products/combo-classic-chicken-coca-cola-fritas.js]
[www.hexadivinosdelivery.site/cdn/shop/files/ChatGPTImage28demai.de2026_23_00_02_165x0e02.png]
[www.hexadivinosdelivery.site/cdn/shop/files/ChatGPTImage28demai.de2026_23_00_02_1254x0e02.png]
[www.hexadivinosdelivery.site/products/combo-classic-chicken-coca-cola-fritas.html]
[www.hexadivinosdelivery.site/products/classic-smash-burguer-coca-cola-fritas.js]
[www.hexadivinosdelivery.site/cdn/shop/files/ChatGPTImage28demai.de2026_23_07_04_165x913e.png]
[www.hexadivinosdelivery.site/products/classic-smash-burguer-coca-cola-fritas.html]
[www.hexadivinosdelivery.site/products/acai-completo-300ml.js]
[www.hexadivinosdelivery.site/cdn/shop/files/79b96d1c296265683e3c3f3834cc1527-removebg-preview_165x0abc.png]
[www.hexadivinosdelivery.site/products/acai-completo-300ml.html]
[www.hexadivinosdelivery.site/products/brownie-de-chocolate.js]
[www.hexadivinosdelivery.site/cdn/shop/files/pngtree-delicious-fudgy-brownie-slice-png-image_14307145_165x28b4.png]
[www.hexadivinosdelivery.site/products/brownie-de-chocolate.html]
[www.hexadivinosdelivery.site/products/mini-churros-doce-de-leite-3-unidades.js]
[www.hexadivinosdelivery.site/cdn/shop/files/Group_1706_165x5b14.png]
[www.hexadivinosdelivery.site/products/mini-churros-doce-de-leite-3-unidades.html]
[www.hexadivinosdelivery.site/products/coca-cola-sem-acucar-350ml.js]
[www.hexadivinosdelivery.site/cdn/shop/files/coca-zero-zxvpqvGl_165x1f43.jpg]
[www.hexadivinosdelivery.site/products/coca-cola-sem-acucar-350ml.html]
[www.hexadivinosdelivery.site/products/agua-mineral-500ml.js]
[www.hexadivinosdelivery.site/cdn/shop/files/agua-mineral-Cg6Y9tkG_165xbe6d.jpg]
[www.hexadivinosdelivery.site/products/agua-mineral-500ml.html]
[www.hexadivinosdelivery.site/products/heineken-lata-350ml.html]
[www.hexadivinosdelivery.site/products/heineken-lata-350ml.js]
[www.hexadivinosdelivery.site/products/suco-natural-de-maracuja-400ml.js]
[www.hexadivinosdelivery.site/cdn/shop/files/images_165x85d2.jpg]
[www.hexadivinosdelivery.site/products/suco-natural-de-maracuja-400ml.html]
[www.hexadivinosdelivery.site/products/coca-cola-original-2-litros.js]
[www.hexadivinosdelivery.site/cdn/shop/files/coca-2l-tVVBD8F8_165x7264.jpg]
[www.hexadivinosdelivery.site/products/coca-cola-original-2-litros.html]
[www.hexadivinosdelivery.site/products/guarana-antarctica-350ml.js]
[www.hexadivinosdelivery.site/cdn/shop/files/guarana-lata-Bt2qG9Kf_165x3d1b.jpg]
[www.hexadivinosdelivery.site/products/guarana-antarctica-350ml.html]
[www.hexadivinosdelivery.site/products/suco-natural-de-laranja-400ml.js]
[www.hexadivinosdelivery.site/cdn/shop/files/download_165x3839.jpg]
[www.hexadivinosdelivery.site/products/suco-natural-de-laranja-400ml.html]
[www.hexadivinosdelivery.site/products/coca-cola-original-350ml.js]
[www.hexadivinosdelivery.site/cdn/shop/files/coca-cola-CLxVEwGb_165x2956.jpg]
[www.hexadivinosdelivery.site/products/coca-cola-original-350ml.html]
[www.hexadivinosdelivery.site/products/suco-natural-de-morango-400-ml.js]
[www.hexadivinosdelivery.site/cdn/shop/files/xc0hcwkxcgl94zvjxxiq7g58kvfx_165x628c.png]
[www.hexadivinosdelivery.site/products/suco-natural-de-morango-400-ml.html]
[www.hexadivinosdelivery.site/products/budweiser-lata-350ml.js]
[www.hexadivinosdelivery.site/cdn/shop/files/budweiser-lata-uI1BBVa5_165x8783.jpg]
[www.hexadivinosdelivery.site/products/budweiser-lata-350ml.html]
[www.hexadivinosdelivery.site/products/suco-natural-de-abacaxi-400ml.js]
[www.hexadivinosdelivery.site/cdn/shop/files/458634158_1922085694964184_7340403931686095779_n_165x09df.jpg]
[www.hexadivinosdelivery.site/products/suco-natural-de-abacaxi-400ml.html]
[www.hexadivinosdelivery.site/products/coca-cola-sem-acucar-2-litros.js]
[www.hexadivinosdelivery.site/cdn/shop/files/coca-2l-zero-BKrPPENe_165x8483.jpg]
[www.hexadivinosdelivery.site/products/coca-cola-sem-acucar-2-litros.html]
[www.hexadivinosdelivery.site/products/fanta-laranja-350ml.js]
[www.hexadivinosdelivery.site/cdn/shop/files/fanta-lata-YtswgwWr_165x3a3f.jpg]
[www.hexadivinosdelivery.site/products/fanta-laranja-350ml.html]
[www.hexadivinosdelivery.site/cart/POST]
[www.hexadivinosdelivery.site/cart/GET]
[www.hexadivinosdelivery.site/cart/url]
[www.hexadivinosdelivery.site/cart/window.location.href]
[www.hexadivinosdelivery.site/cart/indexd176.html]
[www.hexadivinosdelivery.site/GET.html]
[www.hexadivinosdelivery.site/url.html]
[www.hexadivinosdelivery.site/window.location.html]
[www.hexadivinosdelivery.site/collections/POST.html]
[www.hexadivinosdelivery.site/collections/GET.html]
[www.hexadivinosdelivery.site/collections/url.html]
[www.hexadivinosdelivery.site/collections/window.location.href]
[www.hexadivinosdelivery.site/pages/POST.html]
[www.hexadivinosdelivery.site/pages/GET.html]
[www.hexadivinosdelivery.site/pages/url.html]
[www.hexadivinosdelivery.site/pages/window.location.href]
[www.hexadivinosdelivery.site/products/POST.html]
[www.hexadivinosdelivery.site/json/index.html]
[www.hexadivinosdelivery.site/products/GET.html]
[www.hexadivinosdelivery.site/products/url.html]
[www.hexadivinosdelivery.site/products/window.location.href]
[www.hexadivinosdelivery.site/cart/POST.html]
[www.hexadivinosdelivery.site/cart/GET.html]
[www.hexadivinosdelivery.site/cart/url.html]
[www.hexadivinosdelivery.site/cart/window.location.html]
